EN display NULL /home/duarteg/CSDTrab/parking/DISPLAY.vhd sub00/vhpl02 1450021414
AR display behavioral /home/duarteg/CSDTrab/parking/DISPLAY.vhd sub00/vhpl03 1450021415
EN vga NULL /home/duarteg/CSDTrab/parking/VGA.vhd sub00/vhpl00 1450021412
EN top NULL /home/duarteg/CSDTrab/parking/TOP.vhd sub00/vhpl06 1450021418
AR vga behavioral /home/duarteg/CSDTrab/parking/VGA.vhd sub00/vhpl01 1450021413
EN park NULL /home/duarteg/CSDTrab/parking/park.vhd sub00/vhpl04 1450021416
AR park structural /home/duarteg/CSDTrab/parking/park.vhd sub00/vhpl05 1450021417
AR top behavioral /home/duarteg/CSDTrab/parking/TOP.vhd sub00/vhpl07 1450021419
